[2026-08-16 23:51:44] [TRACE]   [OmnipathR] Reading JSON from `/Users/mayanktandon/Library/Caches/OmnipathR/cache.json` (encoding: UTF-8).
[2026-08-16 23:51:44] [TRACE]   [OmnipathR] JSON validation successful: TRUE
[2026-08-16 23:51:44] [INFO]    [OmnipathR] Initialized cache: `/Users/mayanktandon/Library/Caches/OmnipathR`.
[2026-08-16 23:51:44] [INFO]    [OmnipathR] Package `OmnipathR` packaged: 2026-08-12 05:10:21 UTC; mayanktandon
[2026-08-16 23:51:44] [INFO]    [OmnipathR] Package `OmnipathR` date/publication: NA
[2026-08-16 23:51:44] [INFO]    [OmnipathR] Package `OmnipathR` built: R 4.6.1; ; 2026-08-12 05:10:23 UTC; unix
[2026-08-16 23:51:44] [INFO]    [OmnipathR] Package `OmnipathR` version: 4.1.0
[2026-08-16 23:51:44] [INFO]    [OmnipathR] Package `OmnipathR` repository: NA
[2026-08-16 23:51:44] [INFO]    [OmnipathR] Session info: [version=R version 4.6.1 (2026-06-24); os=macOS Tahoe 26.3.1; system=aarch64, darwin23; ui=X11; language=(EN); collate=en_US; ctype=en_US; tz=America/New_York; date=2026-08-16; pandoc=NA (via rmarkdown); quarto=NA]
[2026-08-16 23:51:44] [INFO]    [OmnipathR] External libraries: [cairo=; cairoFT=; pango=; png=; jpeg=; tiff=; tcl=; curl=8.7.1; zlib=1.2.12; bzlib=1.0.8, 13-Jul-2019; xz=5.8.3; deflate=1.25; zstd=1.5.7; PCRE=10.47 2025-10-21; ICU=76.1; TRE=TRE 0.8.0 R_fixes (BSD); iconv=Apple or GNU libiconv 1.11 /Library/Frameworks/R.framework/Versions/4.6/Resources/lib/libR.dylib; readline=5.2; BLAS=/Library/Frameworks/R.framework/Versions/4.6/Resources/lib/libRblas.0.dylib; lapack=/Library/Frameworks/R.framework/Versions/4.6/Resources/lib/libRlapack.dylib; lapack_version=3.12.1]
[2026-08-16 23:51:44] [INFO]    [OmnipathR] Loaded packages: backports 1.5.1(2026-04-03); bit 4.6.0(2025-03-06); bit64 4.8.2(2026-05-19); blob 1.3.0(2026-01-14); cachem 1.1.0(2024-05-16); cellranger 1.1.0(2016-07-27); checkmate 2.3.4(2026-02-03); cli 3.6.6(2026-04-09); crayon 1.5.3(2024-06-20); curl 7.1.0(2026-04-22); DBI 1.3.0(2026-02-25); digest 0.6.39(2025-11-19); dplyr 1.2.1(2026-04-03); evaluate 1.0.5(2025-08-27); fastmap 1.2.0(2024-05-15); fs 2.1.0(2026-04-18); generics 0.1.4(2025-05-09); glue 1.8.1(2026-04-17); hms 1.1.4(2025-10-17); htmltools 0.5.9(2025-12-04); httr 1.4.8(2026-02-13); httr2 1.3.0(2026-07-13); igraph 2.3.3(2026-06-26); jsonlite 2.0.0(2025-03-27); knitr 1.51(2025-12-20); later 1.4.8(2026-03-05); lifecycle 1.0.5(2026-01-08); logger 0.4.2(2026-05-10); lubridate 1.9.5(2026-02-04); magrittr 2.0.5(2026-04-04); memoise 2.0.1(2021-11-26); OmnipathR 4.1.0(2026-08-12); pillar 1.11.1(2025-09-17); pkgconfig 2.0.3(2019-09-22); prettyunits 1.2.0(2023-09-24); progress 1.2.3(2023-12-06); purrr 1.2.2(2026-04-10); R.methodsS3 1.8.2(2022-06-13); R.oo 1.27.1(2025-05-02); R.utils 2.13.0(2025-02-24); R6 2.6.1(2025-02-15); rappdirs 0.3.4(2026-01-17); Rcpp 1.1.2(2026-07-05); readr 2.2.0(2026-02-19); readxl 1.5.0(2026-05-16); rlang 1.3.0(2026-07-05); rmarkdown 2.31(2026-03-26); RSQLite 3.53.3(2026-06-30); rvest 1.0.5(2025-08-29); sessioninfo 1.2.4(2026-06-04); stringi 1.8.9(2026-08-04); stringr 1.6.0(2025-11-04); tibble 3.3.1(2026-01-11); tidyr 1.3.2(2025-12-19); tidyselect 1.2.1(2024-03-11); timechange 0.4.0(2026-01-29); tzdb 0.5.0(2025-03-15); vctrs 0.7.3(2026-04-11); withr 3.0.3(2026-06-19); xfun 0.60(2026-07-09); XML 3.99-0.23(2026-03-20); xml2 1.6.0(2026-06-22); yaml 2.3.12(2025-12-10); zip 3.0.2(2026-08-04)
[2026-08-16 23:51:44] [INFO]    [OmnipathR] CURL: version: 8.14.1; headers: 8.14.1; ssl_version: LibreSSL/3.3.6 (SecureTransport); libz_version: 1.2.12; libssh_version: NA; libidn_version: NA; host: aarch64-apple-darwin23.6.0; protocols: dict, file, ftp, ftps, gopher, gophers, http, https, imap, imaps, ldap, ldaps, mqtt, pop3, pop3s, rtsp, smb, smbs, smtp, smtps, telnet, tftp, ws, wss; ipv6: TRUE; http2: TRUE; idn: FALSE; url_parser: TRUE
[2026-08-16 23:51:44] [TRACE]   [OmnipathR] Reading JSON from `/Library/Frameworks/R.framework/Versions/4.6/Resources/library/OmnipathR/db/db_def.json` (encoding: UTF-8).
[2026-08-16 23:51:44] [TRACE]   [OmnipathR] JSON validation successful: TRUE
[2026-08-16 23:51:44] [TRACE]   [OmnipathR] Reading JSON from `/Library/Frameworks/R.framework/Versions/4.6/Resources/library/OmnipathR/internal/magic_bytes.json` (encoding: UTF-8).
[2026-08-16 23:51:44] [TRACE]   [OmnipathR] JSON validation successful: TRUE
[2026-08-16 23:51:44] [TRACE]   [OmnipathR] Reading JSON from `/Library/Frameworks/R.framework/Versions/4.6/Resources/library/OmnipathR/internal/urls.json` (encoding: UTF-8).
[2026-08-16 23:51:44] [TRACE]   [OmnipathR] JSON validation successful: TRUE
[2026-08-16 23:51:44] [TRACE]   [OmnipathR] Reading JSON from `/Library/Frameworks/R.framework/Versions/4.6/Resources/library/OmnipathR/internal/id_types.json` (encoding: UTF-8).
[2026-08-16 23:51:44] [TRACE]   [OmnipathR] JSON validation successful: TRUE
